
> imtihon_5@0.0.1 build
> npx prisma generate && nest build

node.exe : Loaded Prisma c
onfig from prisma.config.t
s.
C:\Program Files\nodejs\np
m.ps1:29 знак:3
+   & $NODE_EXE $NPM_CLI_J
S $args
+   ~~~~~~~~~~~~~~~~~~~~~~
~~~~~~~
    + CategoryInfo        
      : NotSpecified: (L  
  oaded Prisma c...isma   
 .config.ts.:String) [    
], RemoteException
    + FullyQualifiedError 
   Id : NativeCommandErr  
  or
 

Prisma schema loaded from 
prisma\schema.prisma.

тЬФ Generated Prisma Client (v7.5.0) to .\node_modules\@prisma\client in 290ms

Start by importing your Prisma Client (See: https://pris.ly/d/importing-client)


[96msrc/common/email/emai
l.module.ts[0m:[93m1[0m
:[93m30[0m - [91merror
[0m[90m TS2307: [0mCanno
t find module '@nestjs-mod
ules/mailer' or its corres
ponding type declarations.

[7m1[0m import { MailerM
odule } from '@nestjs-modu
les/mailer';
[7m [0m [91m           
                  ~~~~~~~~
~~~~~~~~~~~~~~~~[0m
[96msrc/common/email/emai
l.module.ts[0m:[93m3[0m
:[93m35[0m - [91merror
[0m[90m TS2307: [0mCanno
t find module '@nestjs-mod
ules/mailer/dist/adapters/
handlebars.adapter' or its
 corresponding type declar
ations.

[7m3[0m import { Handleb
arsAdapter } from '@nestjs
-modules/mailer/dist/adapt
ers/handlebars.adapter';
[7m [0m [91m           
                       ~~~
~~~~~~~~~~~~~~~~~~~~~~~~~~
~~~~~~~~~~~~~~~~~~~~~~~~~~
~~[0m
[96msrc/common/email/emai
l.module.ts[0m:[93m5[0m
:[93m31[0m - [91merror
[0m[90m TS2307: [0mCanno
t find module '../utils/st
orage-paths' or its corres
ponding type declarations.

[7m5[0m import { TEMPLAT
ES_DIR } from '../utils/st
orage-paths';
[7m [0m [91m           
                   ~~~~~~~
~~~~~~~~~~~~~~~~~[0m
[96msrc/common/email/emai
l.service.ts[0m:[93m1[0
m:[93m31[0m - [91merror
[0m[90m TS2307: [0mCann
ot find module '@nestjs-mo
dules/mailer' or its corre
sponding type declarations
.

[7m1[0m import { MailerS
ervice } from '@nestjs-mod
ules/mailer';
[7m [0m [91m           
                   ~~~~~~~
~~~~~~~~~~~~~~~~~[0m
[96msrc/module/verificati
on/verification.module.ts
[0m:[93m4[0m:[93m29[0m
 - [91merror[0m[90m TS2
307: [0mCannot find modul
e '../redis/redis.module' 
or its corresponding type 
declarations.

[7m4[0m import { RedisMo
dule } from '../redis/redi
s.module';
[7m [0m [91m           
                 ~~~~~~~~~
~~~~~~~~~~~~~~[0m
[96msrc/module/verificati
on/verification.module.ts
[0m:[93m5[0m:[93m30[0m
 - [91merror[0m[90m TS2
307: [0mCannot find modul
e '../redis/redis.service'
 or its corresponding type
 declarations.

[7m5[0m import { RedisSe
rvice } from '../redis/red
is.service';
[7m [0m [91m           
                  ~~~~~~~~
~~~~~~~~~~~~~~~~[0m
[96msrc/module/verificati
on/verification.service.ts
[0m:[93m2[0m:[93m30[0
m - [91merror[0m[90m TS
2307: [0mCannot find modu
le '../redis/redis.service
' or its corresponding typ
e declarations.

[7m2[0m import { RedisSe
rvice } from '../redis/red
is.service';
[7m [0m [91m           
                  ~~~~~~~~
~~~~~~~~~~~~~~~~[0m

Found 7 error(s).

