src/common/email/email.module.ts(1,30): error TS2307: Cannot find module '@nestjs-modules/mailer' or its corresponding type declarations.
src/common/email/email.module.ts(3,35): error TS2307: Cannot find module '@nestjs-modules/mailer/dist/adapters/handlebars.adapter' or its corresponding type declarations.
src/common/email/email.module.ts(5,31): error TS2307: Cannot find module '../utils/storage-paths' or its corresponding type declarations.
src/common/email/email.service.ts(1,31): error TS2307: Cannot find module '@nestjs-modules/mailer' or its corresponding type declarations.
src/module/verification/verification.module.ts(4,29): error TS2307: Cannot find module '../redis/redis.module' or its corresponding type declarations.
src/module/verification/verification.module.ts(5,30): error TS2307: Cannot find module '../redis/redis.service' or its corresponding type declarations.
src/module/verification/verification.service.ts(2,30): error TS2307: Cannot find module '../redis/redis.service' or its corresponding type declarations.
